[0.005s] Invoking command in '/home/eric/Workspace/software_robot_library/build/RobotLibrary': /usr/bin/cmake /home/eric/Workspace/software_robot_library -DCMAKE_INSTALL_PREFIX=/home/eric/Workspace/software_robot_library/install/RobotLibrary
[0.033s] -- The CXX compiler identification is GNU 11.4.0
[0.036s] -- Detecting CXX compiler ABI info
[0.065s] -- Detecting CXX compiler ABI info - done
[0.068s] -- Check for working CXX compiler: /usr/bin/c++ - skipped
[0.068s] -- Detecting CXX compile features
[0.069s] -- Detecting CXX compile features - done
[0.069s] -- Build type: Release
[0.071s] -- Found the QPSolver class in /home/eric/Workspace/software_robot_library/Math/include/Math/
[0.073s] -- Configuring done
[0.076s] -- Generating done
[0.077s] -- Build files have been written to: /home/eric/Workspace/software_robot_library/build/RobotLibrary
[0.079s] Invoked command in '/home/eric/Workspace/software_robot_library/build/RobotLibrary' returned '0': /usr/bin/cmake /home/eric/Workspace/software_robot_library -DCMAKE_INSTALL_PREFIX=/home/eric/Workspace/software_robot_library/install/RobotLibrary
[0.080s] Invoking command in '/home/eric/Workspace/software_robot_library/build/RobotLibrary': /usr/bin/cmake --build /home/eric/Workspace/software_robot_library/build/RobotLibrary -- -j32 -l32
[0.098s] [  4%] [32mBuilding CXX object Math/CMakeFiles/Math.dir/src/MathFunctions.cpp.o[0m
[0.098s] [  8%] [32mBuilding CXX object Math/CMakeFiles/Math.dir/src/SkewSymmetric.cpp.o[0m
[0.098s] [ 12%] [32mBuilding CXX object Math/CMakeFiles/Math.dir/src/Polynomial.cpp.o[0m
[0.098s] [ 16%] [32mBuilding CXX object Math/CMakeFiles/Math.dir/src/Spline.cpp.o[0m
[2.347s] [ 20%] [32m[1mLinking CXX static library libMath.a[0m
[2.360s] [ 20%] Built target Math
[2.368s] [ 37%] [32mBuilding CXX object Model/CMakeFiles/Model.dir/src/tinyxml2.cpp.o[0m
[2.368s] [ 37%] [32mBuilding CXX object Model/CMakeFiles/Model.dir/src/Joint.cpp.o[0m
[2.368s] [ 37%] [32mBuilding CXX object Model/CMakeFiles/Model.dir/src/Link.cpp.o[0m
[2.368s] [ 37%] [32mBuilding CXX object Model/CMakeFiles/Model.dir/src/Pose2D.cpp.o[0m
[2.368s] [ 41%] [32mBuilding CXX object Model/CMakeFiles/Model.dir/src/KinematicTree.cpp.o[0m
[2.368s] [ 45%] [32mBuilding CXX object Model/CMakeFiles/Model.dir/src/Pose.cpp.o[0m
[2.368s] [ 50%] [32mBuilding CXX object Model/CMakeFiles/Model.dir/src/RigidBody.cpp.o[0m
[5.330s] [ 54%] [32m[1mLinking CXX static library libModel.a[0m
[5.343s] [ 54%] Built target Model
[5.353s] [ 70%] [32mBuilding CXX object Trajectory/CMakeFiles/Trajectory.dir/src/SplineTrajectory.cpp.o[0m
[5.353s] [ 70%] [32mBuilding CXX object Trajectory/CMakeFiles/Trajectory.dir/src/TrajectoryBase.cpp.o[0m
[5.353s] [ 70%] [32mBuilding CXX object Control/CMakeFiles/Control.dir/src/SerialLinkKinematic.cpp.o[0m
[5.353s] [ 70%] [32mBuilding CXX object Control/CMakeFiles/Control.dir/src/SerialLinkMPCC.cpp.o[0m
[5.353s] [ 75%] [32mBuilding CXX object Trajectory/CMakeFiles/Trajectory.dir/src/TrapezoidalVelocity.cpp.o[0m
[5.353s] [ 91%] [32mBuilding CXX object Trajectory/CMakeFiles/Trajectory.dir/src/MinimumArcLength.cpp.o[0m
[5.353s] [ 91%] [32mBuilding CXX object Control/CMakeFiles/Control.dir/src/SerialLinkImpedance.cpp.o[0m
[5.353s] [ 91%] [32mBuilding CXX object Control/CMakeFiles/Control.dir/src/SerialLinkBase.cpp.o[0m
[5.353s] [ 91%] [32mBuilding CXX object Trajectory/CMakeFiles/Trajectory.dir/src/CartesianSpline.cpp.o[0m
[6.056s] [ 95%] [32m[1mLinking CXX static library libTrajectory.a[0m
[6.069s] [ 95%] Built target Trajectory
[11.542s] [100%] [32m[1mLinking CXX static library libControl.a[0m
[11.556s] [100%] Built target Control
[11.560s] Invoked command in '/home/eric/Workspace/software_robot_library/build/RobotLibrary' returned '0': /usr/bin/cmake --build /home/eric/Workspace/software_robot_library/build/RobotLibrary -- -j32 -l32
[11.564s] Invoking command in '/home/eric/Workspace/software_robot_library/build/RobotLibrary': /usr/bin/cmake --install /home/eric/Workspace/software_robot_library/build/RobotLibrary
[11.567s] -- Install configuration: "Release"
[11.567s] -- Installing: /home/eric/Workspace/software_robot_library/install/RobotLibrary/lib/libControl.a
[11.567s] -- Installing: /home/eric/Workspace/software_robot_library/install/RobotLibrary/include/RobotLibrary/
[11.567s] -- Installing: /home/eric/Workspace/software_robot_library/install/RobotLibrary/include/RobotLibrary//Control
[11.567s] -- Installing: /home/eric/Workspace/software_robot_library/install/RobotLibrary/include/RobotLibrary//Control/SerialLinkMPCC.h
[11.567s] -- Installing: /home/eric/Workspace/software_robot_library/install/RobotLibrary/include/RobotLibrary//Control/DataStructures.h
[11.567s] -- Installing: /home/eric/Workspace/software_robot_library/install/RobotLibrary/include/RobotLibrary//Control/SerialLinkBase.h
[11.567s] -- Installing: /home/eric/Workspace/software_robot_library/install/RobotLibrary/include/RobotLibrary//Control/SerialLinkImpedance.h
[11.567s] -- Installing: /home/eric/Workspace/software_robot_library/install/RobotLibrary/include/RobotLibrary//Control/SerialLinkKinematic.h
[11.567s] -- Installing: /home/eric/Workspace/software_robot_library/install/RobotLibrary/include/RobotLibrary//Control/SerialLinkMPC.h
[11.568s] -- Installing: /home/eric/Workspace/software_robot_library/install/RobotLibrary/lib/libMath.a
[11.568s] -- Up-to-date: /home/eric/Workspace/software_robot_library/install/RobotLibrary/include/RobotLibrary
[11.568s] -- Installing: /home/eric/Workspace/software_robot_library/install/RobotLibrary/include/RobotLibrary/Math
[11.568s] -- Installing: /home/eric/Workspace/software_robot_library/install/RobotLibrary/include/RobotLibrary/Math/MathFunctions.h
[11.568s] -- Installing: /home/eric/Workspace/software_robot_library/install/RobotLibrary/include/RobotLibrary/Math/Spline.h
[11.568s] -- Installing: /home/eric/Workspace/software_robot_library/install/RobotLibrary/include/RobotLibrary/Math/DataStructures.h
[11.568s] -- Installing: /home/eric/Workspace/software_robot_library/install/RobotLibrary/include/RobotLibrary/Math/Polynomial.h
[11.568s] -- Installing: /home/eric/Workspace/software_robot_library/install/RobotLibrary/include/RobotLibrary/Math/QPSolver.h
[11.568s] -- Installing: /home/eric/Workspace/software_robot_library/install/RobotLibrary/include/RobotLibrary/Math/SkewSymmetric.h
[11.568s] -- Installing: /home/eric/Workspace/software_robot_library/install/RobotLibrary/lib/libModel.a
[11.568s] -- Up-to-date: /home/eric/Workspace/software_robot_library/install/RobotLibrary/include/RobotLibrary
[11.568s] -- Installing: /home/eric/Workspace/software_robot_library/install/RobotLibrary/include/RobotLibrary/Model
[11.568s] -- Installing: /home/eric/Workspace/software_robot_library/install/RobotLibrary/include/RobotLibrary/Model/DataStructures.h
[11.568s] -- Installing: /home/eric/Workspace/software_robot_library/install/RobotLibrary/include/RobotLibrary/Model/Pose.h
[11.568s] -- Installing: /home/eric/Workspace/software_robot_library/install/RobotLibrary/include/RobotLibrary/Model/KinematicTree.h
[11.568s] -- Installing: /home/eric/Workspace/software_robot_library/install/RobotLibrary/include/RobotLibrary/Model/Link.h
[11.568s] -- Installing: /home/eric/Workspace/software_robot_library/install/RobotLibrary/include/RobotLibrary/Model/tinyxml2.h
[11.568s] -- Installing: /home/eric/Workspace/software_robot_library/install/RobotLibrary/include/RobotLibrary/Model/Joint.h
[11.568s] -- Installing: /home/eric/Workspace/software_robot_library/install/RobotLibrary/include/RobotLibrary/Model/Pose2D.h
[11.568s] -- Installing: /home/eric/Workspace/software_robot_library/install/RobotLibrary/include/RobotLibrary/Model/RigidBody.h
[11.568s] -- Installing: /home/eric/Workspace/software_robot_library/install/RobotLibrary/lib/libTrajectory.a
[11.568s] -- Up-to-date: /home/eric/Workspace/software_robot_library/install/RobotLibrary/include/RobotLibrary
[11.568s] -- Installing: /home/eric/Workspace/software_robot_library/install/RobotLibrary/include/RobotLibrary/Trajectory
[11.568s] -- Installing: /home/eric/Workspace/software_robot_library/install/RobotLibrary/include/RobotLibrary/Trajectory/CartesianSpline.h
[11.568s] -- Installing: /home/eric/Workspace/software_robot_library/install/RobotLibrary/include/RobotLibrary/Trajectory/DataStructures.h
[11.568s] -- Installing: /home/eric/Workspace/software_robot_library/install/RobotLibrary/include/RobotLibrary/Trajectory/SplineTrajectory.h
[11.568s] -- Installing: /home/eric/Workspace/software_robot_library/install/RobotLibrary/include/RobotLibrary/Trajectory/TrapezoidalVelocity.h
[11.569s] -- Installing: /home/eric/Workspace/software_robot_library/install/RobotLibrary/include/RobotLibrary/Trajectory/MinimumArcLength.h
[11.569s] -- Installing: /home/eric/Workspace/software_robot_library/install/RobotLibrary/include/RobotLibrary/Trajectory/TrajectoryBase.h
[11.569s] -- Up-to-date: /home/eric/Workspace/software_robot_library/install/RobotLibrary/lib/libControl.a
[11.569s] -- Up-to-date: /home/eric/Workspace/software_robot_library/install/RobotLibrary/lib/libMath.a
[11.569s] -- Up-to-date: /home/eric/Workspace/software_robot_library/install/RobotLibrary/lib/libModel.a
[11.569s] -- Up-to-date: /home/eric/Workspace/software_robot_library/install/RobotLibrary/lib/libTrajectory.a
[11.569s] -- Installing: /home/eric/Workspace/software_robot_library/install/RobotLibrary/lib/cmake/RobotLibrary/RobotLibraryConfig.cmake
[11.569s] -- Installing: /home/eric/Workspace/software_robot_library/install/RobotLibrary/lib/cmake/RobotLibrary/RobotLibraryTargets.cmake
[11.569s] -- Installing: /home/eric/Workspace/software_robot_library/install/RobotLibrary/lib/cmake/RobotLibrary/RobotLibraryTargets-release.cmake
[11.569s] Invoked command in '/home/eric/Workspace/software_robot_library/build/RobotLibrary' returned '0': /usr/bin/cmake --install /home/eric/Workspace/software_robot_library/build/RobotLibrary
